[2026-04-22 17:15:59,208] WARNING in __init__: SECRET_KEY par défaut détectée. Définis SECRET_KEY via variable d'environnement pour la prod.
INFO  [alembic.runtime.migration] Context impl PostgresqlImpl.
INFO  [alembic.runtime.migration] Will assume transactional DDL.
Traceback (most recent call last):
  File "C:\AppGestion\.venv\Lib\site-packages\sqlalchemy\engine\base.py", line 1967, in _exec_single_context
    self.dialect.do_execute(
  File "C:\AppGestion\.venv\Lib\site-packages\sqlalchemy\engine\default.py", line 952, in do_execute
    cursor.execute(statement, parameters)
  File "C:\AppGestion\.venv\Lib\site-packages\psycopg\cursor.py", line 117, in execute
    raise ex.with_traceback(None)
psycopg.errors.UndefinedColumn: la colonne user.consommation_config_id n'existe pas
LINE 1: ...ur_assigne, "user".created_at AS user_created_at, "user".con...
                                                             ^

The above exception was the direct cause of the following exception:

Traceback (most recent call last):
  File "<frozen runpy>", line 198, in _run_module_as_main
  File "<frozen runpy>", line 88, in _run_code
  File "C:\AppGestion\.venv\Lib\site-packages\waitress\__main__.py", line 3, in <module>
    run()  # pragma nocover
    ^^^^^
  File "C:\AppGestion\.venv\Lib\site-packages\waitress\runner.py", line 283, in run
    app = resolve(module, obj_name)
          ^^^^^^^^^^^^^^^^^^^^^^^^^
  File "C:\AppGestion\.venv\Lib\site-packages\waitress\runner.py", line 218, in resolve
    obj = __import__(module_name, fromlist=segments[:1])
          ^^^^^^^^^^^^^^^^^^^^^^^^^^^^^^^^^^^^^^^^^^^^^^
  File "C:\AppGestion\wsgi.py", line 3, in <module>
    app = create_app()
          ^^^^^^^^^^^^
  File "C:\AppGestion\app\__init__.py", line 296, in create_app
    bootstrap_rbac()
  File "C:\AppGestion\app\rbac.py", line 318, in bootstrap_rbac
    users = User.query.all()
            ^^^^^^^^^^^^^^^^
  File "C:\AppGestion\.venv\Lib\site-packages\sqlalchemy\orm\query.py", line 2704, in all
    return self._iter().all()  # type: ignore
           ^^^^^^^^^^^^
  File "C:\AppGestion\.venv\Lib\site-packages\sqlalchemy\orm\query.py", line 2857, in _iter
    result: Union[ScalarResult[_T], Result[_T]] = self.session.execute(
                                                  ^^^^^^^^^^^^^^^^^^^^^
  File "C:\AppGestion\.venv\Lib\site-packages\sqlalchemy\orm\session.py", line 2351, in execute
    return self._execute_internal(
           ^^^^^^^^^^^^^^^^^^^^^^^
  File "C:\AppGestion\.venv\Lib\site-packages\sqlalchemy\orm\session.py", line 2249, in _execute_internal
    result: Result[Any] = compile_state_cls.orm_execute_statement(
                          ^^^^^^^^^^^^^^^^^^^^^^^^^^^^^^^^^^^^^^^^
  File "C:\AppGestion\.venv\Lib\site-packages\sqlalchemy\orm\context.py", line 306, in orm_execute_statement
    result = conn.execute(
             ^^^^^^^^^^^^^
  File "C:\AppGestion\.venv\Lib\site-packages\sqlalchemy\engine\base.py", line 1419, in execute
    return meth(
           ^^^^^
  File "C:\AppGestion\.venv\Lib\site-packages\sqlalchemy\sql\elements.py", line 527, in _execute_on_connection
    return connection._execute_clauseelement(
           ^^^^^^^^^^^^^^^^^^^^^^^^^^^^^^^^^^
  File "C:\AppGestion\.venv\Lib\site-packages\sqlalchemy\engine\base.py", line 1641, in _execute_clauseelement
    ret = self._execute_context(
          ^^^^^^^^^^^^^^^^^^^^^^
  File "C:\AppGestion\.venv\Lib\site-packages\sqlalchemy\engine\base.py", line 1846, in _execute_context
    return self._exec_single_context(
           ^^^^^^^^^^^^^^^^^^^^^^^^^^
  File "C:\AppGestion\.venv\Lib\site-packages\sqlalchemy\engine\base.py", line 1986, in _exec_single_context
    self._handle_dbapi_exception(
  File "C:\AppGestion\.venv\Lib\site-packages\sqlalchemy\engine\base.py", line 2363, in _handle_dbapi_exception
    raise sqlalchemy_exception.with_traceback(exc_info[2]) from e
  File "C:\AppGestion\.venv\Lib\site-packages\sqlalchemy\engine\base.py", line 1967, in _exec_single_context
    self.dialect.do_execute(
  File "C:\AppGestion\.venv\Lib\site-packages\sqlalchemy\engine\default.py", line 952, in do_execute
    cursor.execute(statement, parameters)
  File "C:\AppGestion\.venv\Lib\site-packages\psycopg\cursor.py", line 117, in execute
    raise ex.with_traceback(None)
sqlalchemy.exc.ProgrammingError: (psycopg.errors.UndefinedColumn) la colonne user.consommation_config_id n'existe pas
LINE 1: ...ur_assigne, "user".created_at AS user_created_at, "user".con...
                                                             ^
[SQL: SELECT "user".id AS user_id, "user".email AS user_email, "user".password_hash AS user_password_hash, "user".nom AS user_nom, "user".role AS user_role, "user".secteur_assigne AS user_secteur_assigne, "user".created_at AS user_created_at, "user".consommation_config_id AS user_consommation_config_id 
FROM "user"]
(Background on this error at: https://sqlalche.me/e/20/f405)
